Microsoft (R) Macro Assembler Version 14.40.33811.0	    11/14/24 14:47:03
asm3.asm						     Page 1 - 1


				.586P
				.MODEL FLAT, STDCALL
				includelib kernal32.lib

				ExitProcess PROTO: DWORD
				MessageBoxA PROTO: DWORD, :DWORD, :DWORD, :DWORD

				.STACK 4096

 00000000			.CONST

 00000000			.DATA
 00000000 10 20 30 40		myBytes BYTE 10h, 20h, 30h, 40h
 00000004 008A 003B 0044	myWords WORD 8Ah, 3Bh, 44h, 5Fh, 99h
	   005F 0099
 0000000E 00000001		myDoubles DWORD 1, 2, 3, 4, 5, 6, 7
	   00000002
	   00000003
	   00000004
	   00000005
	   00000006
	   00000007
 0000002A 0000000E R		myPointer DWORD myDoubles
 00000000			.CODE

 00000000			main PROC
 00000000  BE 00000000 R	mov esi, OFFSET myBytes ;
 00000005  B8 00000000		mov eax, 0h
 0000000A  8A 66 01		mov ah, [esi + 1] ; 20
 0000000D  8A 46 03		mov al, [esi + 3] ; 40
				; в регистре eax будет 00002040

 00000010  B8 00000000		mov eax, 0
 00000015  B9 00000007		mov ecx, lengthof myDoubles
 0000001A  BE 0000000E R	mov esi, OFFSET myDoubles
 0000001F			forsum:
 0000001F  03 06			add eax, [esi]
 00000021  8B 16			mov edx, [esi]
 00000023  83 FA 00			cmp edx, 0
 00000026  74 11			je label_zero
 00000028				not_zero:
 00000028  83 C6 04			add esi, type myDoubles
 0000002B  E2 F2		loop forsum
 0000002D  83 FB 00			cmp ebx, 0
 00000030  74 11			je ex
 00000032  BB 00000001			mov ebx, 1
 00000037  EB 0A			jmp ex
 00000039			label_zero:
 00000039  BB 00000000			mov ebx, 0
 0000003E  83 F9 00			cmp ecx, 0
 00000041  75 E5			jne not_zero
 00000043			ex:
				INVOKE ExitProcess, 0
 0000004A			main ENDP
				end main
Microsoft (R) Macro Assembler Version 14.40.33811.0	    11/14/24 14:47:03
asm3.asm						     Symbols 2 - 1




Segments and Groups:

                N a m e                 Size     Length   Align   Combine Class

CONST  . . . . . . . . . . . . .	32 Bit	 00000000 Para	  Public  'CONST'	 ReadOnly
FLAT . . . . . . . . . . . . . .	GROUP
STACK  . . . . . . . . . . . . .	32 Bit	 00001000 Para	  Stack	  'STACK'	 
_DATA  . . . . . . . . . . . . .	32 Bit	 0000002E Para	  Public  'DATA'	
_TEXT  . . . . . . . . . . . . .	32 Bit	 0000004A Para	  Public  'CODE'	


Procedures, parameters, and locals:

                N a m e                 Type     Value    Attr

ExitProcess  . . . . . . . . . .	P Near	 00000000 FLAT	Length= 00000000 External STDCALL
MessageBoxA  . . . . . . . . . .	P Near	 00000000 FLAT	Length= 00000000 External STDCALL
main . . . . . . . . . . . . . .	P Near	 00000000 _TEXT	Length= 0000004A Public STDCALL
  forsum . . . . . . . . . . . .	L Near	 0000001F _TEXT	
  not_zero . . . . . . . . . . .	L Near	 00000028 _TEXT	
  label_zero . . . . . . . . . .	L Near	 00000039 _TEXT	
  ex . . . . . . . . . . . . . .	L Near	 00000043 _TEXT	


Symbols:

                N a m e                 Type     Value    Attr

@CodeSize  . . . . . . . . . . .	Number	 00000000h   
@DataSize  . . . . . . . . . . .	Number	 00000000h   
@Interface . . . . . . . . . . .	Number	 00000003h   
@Model . . . . . . . . . . . . .	Number	 00000007h   
@code  . . . . . . . . . . . . .	Text   	 _TEXT
@data  . . . . . . . . . . . . .	Text   	 FLAT
@fardata?  . . . . . . . . . . .	Text   	 FLAT
@fardata . . . . . . . . . . . .	Text   	 FLAT
@stack . . . . . . . . . . . . .	Text   	 FLAT
myBytes  . . . . . . . . . . . .	Byte	 00000000 _DATA	
myDoubles  . . . . . . . . . . .	DWord	 0000000E _DATA	
myPointer  . . . . . . . . . . .	DWord	 0000002A _DATA	
myWords  . . . . . . . . . . . .	Word	 00000004 _DATA	

	   0 Warnings
	   0 Errors
