  Error.cpp
  GRB.cpp
  IT.cpp
  In.cpp
C:\ФИТ\Лабораторные работы\3 сем\Лабораторные работы по КПО\SELAB_17\SELAB_17\In.cpp(31,36): warning C4018: <: несоответствие типов со знаком и без знака
C:\ФИТ\Лабораторные работы\3 сем\Лабораторные работы по КПО\SELAB_17\SELAB_17\In.cpp(70,12): warning C4002: слишком много аргументов для вызова макроса, подобного функции, "ERROR_THROW_IN"
C:\ФИТ\Лабораторные работы\3 сем\Лабораторные работы по КПО\SELAB_17\SELAB_17\In.cpp(15,17): warning C4101: symbol: неиспользованная локальная переменная
  LT.cpp
  LexA.cpp
C:\ФИТ\Лабораторные работы\3 сем\Лабораторные работы по КПО\SELAB_17\SELAB_17\LexA.cpp(242,26): warning C4018: <: несоответствие типов со знаком и без знака
C:\ФИТ\Лабораторные работы\3 сем\Лабораторные работы по КПО\SELAB_17\SELAB_17\LexA.cpp(275,24): warning C4018: <: несоответствие типов со знаком и без знака
C:\ФИТ\Лабораторные работы\3 сем\Лабораторные работы по КПО\SELAB_17\SELAB_17\LexA.cpp(437,23): warning C4018: <: несоответствие типов со знаком и без знака
  Log.cpp
  MFST.cpp
C:\ФИТ\Лабораторные работы\3 сем\Лабораторные работы по КПО\SELAB_17\SELAB_17\MFST.cpp(198,66): warning C4267: =: преобразование из "size_t" в "short"; возможна потеря данных
  Out.cpp
  Parm.cpp
  main.cpp
  Создание кода...
  SELAB_17.vcxproj -> C:\ФИТ\Лабораторные работы\3 сем\Лабораторные работы по КПО\SELAB_17\Debug\SELAB_17.exe
